
> nabilet-ui@1.0.0 build
> vite build --config vite.config.ts

vite v6.4.3 building for production...
transforming...
✓ 279 modules transformed.
rendering chunks...
computing gzip size...
dist/index.html                                                             1.26 kB │ gzip:  0.72 kB
dist/assets/index-C3IdEEne.css                                             42.61 kB │ gzip:  8.52 kB
dist/assets/_commonjsHelpers-Cpj98o6Y.js                                    0.24 kB │ gzip:  0.18 kB
dist/assets/NEmptyState.vue_vue_type_script_setup_true_lang-_Orq0GjP.js     0.92 kB │ gzip:  0.56 kB
dist/assets/NBadge.vue_vue_type_script_setup_true_lang-C_sEMeYq.js          1.09 kB │ gzip:  0.54 kB
dist/assets/NSegmented.vue_vue_type_script_setup_true_lang-BZuj--FD.js      1.16 kB │ gzip:  0.68 kB
dist/assets/NSelect.vue_vue_type_script_setup_true_lang-Dx1UVt4M.js         1.35 kB │ gzip:  0.79 kB
dist/assets/hall-DPIP3TsC.js                                                1.40 kB │ gzip:  0.86 kB
dist/assets/AdminPlaceholderPage-V7t-Vv5I.js                                1.55 kB │ gzip:  0.98 kB
dist/assets/NButton.vue_vue_type_script_setup_true_lang-E85OpUYF.js         1.67 kB │ gzip:  0.87 kB
dist/assets/format-kTZq0-b_.js                                              1.78 kB │ gzip:  0.82 kB
dist/assets/NModal.vue_vue_type_script_setup_true_lang-Bd67-dkV.js          1.94 kB │ gzip:  1.01 kB
dist/assets/NStatusBadge.vue_vue_type_script_setup_true_lang-BTJwY3Ub.js    2.00 kB │ gzip:  0.81 kB
dist/assets/NCountdown.vue_vue_type_script_setup_true_lang-ASlnaFnk.js      2.14 kB │ gzip:  1.22 kB
dist/assets/NInput.vue_vue_type_script_setup_true_lang-yTzmydua.js          2.48 kB │ gzip:  1.14 kB
dist/assets/AdminHallsPage-BtAKJSe6.js                                      2.57 kB │ gzip:  1.33 kB
dist/assets/AdminLoginPage-DiIalsVG.js                                      2.64 kB │ gzip:  1.46 kB
dist/assets/PaymentResultPage-BPYO2XIU.js                                   2.87 kB │ gzip:  1.56 kB
dist/assets/NDataTable.vue_vue_type_script_setup_true_lang-By_BFg42.js      3.04 kB │ gzip:  1.38 kB
dist/assets/mock-C5_6fFRe.js                                                3.24 kB │ gzip:  1.25 kB
dist/assets/AdminEventsPage-D_izNjfU.js                                     5.22 kB │ gzip:  2.40 kB
dist/assets/AdminVenuesPage-CgJyWWi6.js                                     5.91 kB │ gzip:  2.38 kB
dist/assets/AdminSessionsPage-hPdN6nR3.js                                   6.44 kB │ gzip:  2.56 kB
dist/assets/CatalogPage-BDwOvN3k.js                                         6.96 kB │ gzip:  3.25 kB
dist/assets/AdminEventFormPage-ZV2KcDqh.js                                  7.17 kB │ gzip:  2.74 kB
dist/assets/AdminDashboardPage-BDRHPush.js                                  7.52 kB │ gzip:  3.17 kB
dist/assets/AdminOrdersPage-CbsCOdc9.js                                     7.69 kB │ gzip:  3.13 kB
dist/assets/EventPage-ezNbteDc.js                                           8.39 kB │ gzip:  3.46 kB
dist/assets/CheckoutPage-BXRByH1_.js                                        9.91 kB │ gzip:  4.20 kB
dist/assets/SeatSelectionPage-g3lEmLPn.js                                  24.63 kB │ gzip:  9.20 kB
dist/assets/TicketsPage-gjCdMyVb.js                                        30.46 kB │ gzip: 12.20 kB
dist/assets/index-fgz7quE0.js                                             138.06 kB │ gzip: 52.70 kB
dist/assets/HallEditorPage-CKSNe2Y9.js                                    254.89 kB │ gzip: 77.21 kB
✓ built in 8.16s
npm notice
npm notice New major version of npm available! 10.8.2 -> 12.1.0
npm notice Changelog: https://github.com/npm/cli/releases/tag/v12.1.0
npm notice To update run: npm install -g npm@12.1.0
npm notice
exit=0
